length is: 4
sum is: 1884
head: 420
[420, 58, 69, 1337]
